<html>
<body>
<pre>
<h1>µVision Build Log</h1>
<h2>Tool Versions:</h2>
IDE-Version: ¦ÌVision V5.25.3.0
Copyright (C) 2018 ARM Ltd and ARM Germany GmbH. All rights reserved.
License Information: Lenovo,  , LIC=QF82M-XQS86-TGL7T-R2Q01-5YISS-RHVY1
 
Tool Versions:
Toolchain:       MDK-ARM Plus  Version: 5.15.0
Toolchain Path:  D:\keil_v5\ARM\ARMCC\Bin
C Compiler:      Armcc.exe V5.05 update 2 (build 169)
Assembler:       Armasm.exe V5.05 update 2 (build 169)
Linker/Locator:  ArmLink.exe V5.05 update 2 (build 169)
Library Manager: ArmAr.exe V5.05 update 2 (build 169)
Hex Converter:   FromElf.exe V5.05 update 2 (build 169)
CPU DLL:         SARMCM3.DLL V5.15.0
Dialog DLL:      DARMSTM.DLL V1.65.0.0
Target DLL:      CMSIS_AGDI.dll V1.21.12.0
Dialog DLL:      TARMSTM.DLL V1.64.0.0
 
<h2>Project:</h2>
Q:\computer\FÏîÄ¿\car\WIFI_move_car\Project\RVMDK£¨uv5£©\iSO-STM32.uvprojx
Project File Date:  08/14/2023

<h2>Output:</h2>
*** Using Compiler 'V5.05 update 2 (build 169)', folder: 'D:\keil_v5\ARM\ARMCC\Bin'
Rebuild target 'WF-ESP8266'
assembling startup_stm32f10x_hd.s...
compiling core_cm3.c...
compiling system_stm32f10x.c...
compiling misc.c...
compiling stm32f10x_bkp.c...
compiling stm32f10x_adc.c...
compiling stm32f10x_can.c...
compiling stm32f10x_cec.c...
compiling stm32f10x_crc.c...
compiling stm32f10x_dac.c...
compiling stm32f10x_dbgmcu.c...
compiling stm32f10x_dma.c...
compiling stm32f10x_exti.c...
compiling stm32f10x_fsmc.c...
compiling stm32f10x_flash.c...
compiling stm32f10x_gpio.c...
compiling stm32f10x_iwdg.c...
compiling stm32f10x_i2c.c...
compiling stm32f10x_pwr.c...
compiling stm32f10x_rtc.c...
compiling stm32f10x_rcc.c...
compiling stm32f10x_sdio.c...
compiling stm32f10x_spi.c...
compiling stm32f10x_tim.c...
compiling stm32f10x_usart.c...
compiling stm32f10x_wwdg.c...
compiling main.c...
..\..\User\usart\uart.h(27): warning:  #1-D: last line of file ends without a newline
  #endif
..\..\User\car\car.h(22): warning:  #1-D: last line of file ends without a newline
  #endif
..\..\User\main.c: 2 warnings, 0 errors
compiling stm32f10x_it.c...
compiling bsp_SysTick.c...
compiling Common.c...
compiling bsp_dht11.c...
compiling bsp_usart.c...
compiling bsp_led.c...
compiling core_delay.c...
compiling bsp_esp8266.c...
compiling bsp_esp8266_test.c...
..\..\User\usart\uart.h(27): warning:  #1-D: last line of file ends without a newline
  #endif
..\..\User\car\car.h(22): warning:  #1-D: last line of file ends without a newline
  #endif
..\..\User\ESP8266\bsp_esp8266_test.c: 2 warnings, 0 errors
compiling uart.c...
..\..\User\usart\uart.h(27): warning:  #1-D: last line of file ends without a newline
  #endif
..\..\User\usart\uart.c: 1 warning, 0 errors
compiling car.c...
..\..\User\usart\uart.h(27): warning:  #1-D: last line of file ends without a newline
  #endif
..\..\User\car\car.h(22): warning:  #1-D: last line of file ends without a newline
  #endif
..\..\User\car\car.c(119): warning:  #1-D: last line of file ends without a newline
  }
..\..\User\car\car.c: 3 warnings, 0 errors
compiling delay.c...
compiling sys.c...
linking...
Program Size: Code=11632 RO-data=588 RW-data=88 ZI-data=3080  
FromELF: creating hex file...
"..\..\Output\Template.axf" - 0 Error(s), 8 Warning(s).

<h2>Software Packages used:</h2>

Package Vendor: Keil
                http://www.keil.com/pack/Keil.STM32F1xx_DFP.1.1.0.pack
                Keil.STM32F1xx_DFP.1.1.0
                STMicroelectronics STM32F1 Series Device Support, Drivers and Examples

<h2>Collection of Component include folders:</h2>
  .\RTE\_WF-ESP8266
  D:\keil_v5\ARM\PACK\Keil\STM32F1xx_DFP\1.1.0\Device\Include

<h2>Collection of Component Files used:</h2>
Build Time Elapsed:  00:00:06
</pre>
</body>
</html>
